DANGEROUS: missing options terminator `--` permits argument injection at `"abc"` in `switch "abc" {    abc {}    default {expr 2}}`
WARNING: Unquoted expr at `2` in `expr 2`
DANGEROUS: missing options terminator `--` permits argument injection at `abc` in `switch abc {    a -    b {expr 10}    $foo {expr 20}    default {expr 30}}`
WARNING: Unquoted expr at `10` in `expr 10`
DANGEROUS: Expected literal, found $ at `$foo` in `switch abc {    a -    b {expr 10}    $foo {expr 20}    default {expr 30}}`
WARNING: Unquoted expr at `20` in `expr 20`
WARNING: Unquoted expr at `30` in `expr 30`
DANGEROUS: missing options terminator `--` permits argument injection at `abc` in `switch abc a {expr 100}`
DANGEROUS: Dangerous unqoted switch body at `abc` in `switch abc a {expr 100}`
WARNING: badly formed command at `switch` in `switch abc a {expr 100}`
DANGEROUS: missing options terminator `--` permits argument injection at `abc` in `switch abc a - b {expr 1000} $foo {expr 2000} default {expr 3000}`
DANGEROUS: Dangerous unqoted switch body at `abc` in `switch abc a - b {expr 1000} $foo {expr 2000} default {expr 3000}`
WARNING: badly formed command at `switch` in `switch abc a - b {expr 1000} $foo {expr 2000} default {expr 3000}`
DANGEROUS: Dangerous unqoted switch body at `abc` in `switch -- abc a - b {expr 10000} $foo {expr 20000} default {expr 30000}`
WARNING: badly formed command at `switch` in `switch -- abc a - b {expr 10000} $foo {expr 20000} default {expr 30000}`
WARNING: Unquoted expr at `1*1` in `expr 1*1`
DANGEROUS: Expected literal, found $ at `$foo` in `switch -- abc { a - b {expr 1*1} $foo {expr 2*2} default {expr 3*3} }`
WARNING: Unquoted expr at `2*2` in `expr 2*2`
WARNING: Unquoted expr at `3*3` in `expr 3*3`
DANGEROUS: Dangerous unquoted expr at `$DANGEROUS` in `expr $DANGEROUS `
WARNING: Unquoted expr at `111` in `expr 111`
DANGEROUS: Dangerous unquoted expr at `$DANGEROUS` in `expr $DANGEROUS`
DANGEROUS: Expected literal, found [ at `"[expr 222]"` in `switch -exact -- $foo {    {bar} {        expr $DANGEROUS        }    {fiz} -    "faz" -    "[expr 222]" -    default {}}`
WARNING: Unquoted expr at `333` in `expr 333`
DANGEROUS: Dangerous unqoted switch body at `$var` in `switch -exact -- $var \    {bar} {        expr $DANGEROUS        } \    {fiz} - \    "faz" - \    "[expr 333]" - \    default {}`
WARNING: badly formed command at `switch` in `switch -exact -- $var \    {bar} {        expr $DANGEROUS        } \    {fiz} - \    "faz" - \    "[expr 333]" - \    default {}`
DANGEROUS: missing options terminator `--` permits argument injection at `aaab` in `switch -glob aaab $switch`
DANGEROUS: Dangerous quoted `"` switch body at `$switch` in `switch -glob aaab $switch`
DANGEROUS: missing options terminator `--` permits argument injection at `c` in `switch -glob c $switch`
DANGEROUS: Dangerous quoted `"` switch body at `$switch` in `switch -glob c $switch`

