WARNING: Use of deprecated command: at `accumulate` in `accumulate`
WARNING: Use of deprecated command: at `client_addr` in `client_addr`
WARNING: Use of deprecated command: at `client_port` in `client_port`
WARNING: Use of deprecated command: at `decode_uri` in `decode_uri`
WARNING: Use of deprecated command: at `findclass` in `findclass`
WARNING: Use of deprecated command: at `http_cookie` in `http_cookie`
WARNING: Use of deprecated command: at `http_header` in `http_header`
WARNING: Use of deprecated command: at `http_host` in `http_host`
WARNING: Use of deprecated command: at `http_method` in `http_method`
WARNING: Use of deprecated command: at `http_uri` in `http_uri`
WARNING: Use of deprecated command: at `http_version` in `http_version`
WARNING: Use of deprecated command: at `imid` in `imid`
WARNING: Use of deprecated command: at `ip_addr` in `ip_addr`
WARNING: Use of deprecated command: at `ip_protocol` in `ip_protocol`
WARNING: Use of deprecated command: at `ip_tos` in `ip_tos`
WARNING: Use of deprecated command: at `ip_ttl` in `ip_ttl`
WARNING: Use of deprecated command: at `link_qos` in `link_qos`
WARNING: Use of deprecated command: at `local_addr` in `local_addr`
WARNING: Use of deprecated command: at `local_port` in `local_port`
WARNING: Use of deprecated command: at `matchclass` in `matchclass`
WARNING: Use of deprecated command: at `redirect` in `redirect`
WARNING: Use of deprecated command: at `remote_addr` in `remote_addr`
WARNING: Use of deprecated command: at `remote_port` in `remote_port`
WARNING: Use of deprecated command: at `server_addr` in `server_addr`
WARNING: Use of deprecated command: at `server_port` in `server_port`
WARNING: Use of deprecated command: at `urlcatblindquery` in `urlcatblindquery`
WARNING: Use of deprecated command: at `urlcatquery` in `urlcatquery`
WARNING: Use of deprecated command: at `use` in `use`
WARNING: Use of deprecated command: at `vlan_id` in `vlan_id`

