WARNING: Use of unsupported command: at `auto_execok` in `auto_execok`
WARNING: Use of unsupported command: at `auto_import` in `auto_import`
WARNING: Use of unsupported command: at `auto_load` in `auto_load`
WARNING: Use of unsupported command: at `auto_mkindex` in `auto_mkindex`
WARNING: Use of unsupported command: at `auto_mkindex_old` in `auto_mkindex_old`
WARNING: Use of unsupported command: at `auto_qualify` in `auto_qualify`
WARNING: Use of unsupported command: at `auto_reset` in `auto_reset`
WARNING: Use of unsupported command: at `bgerror` in `bgerror`
WARNING: Use of unsupported command: at `cd` in `cd`
WARNING: Use of unsupported command: at `dict` in `dict`
WARNING: Use of unsupported command: at `encoding` in `encoding`
WARNING: Use of unsupported command: at `eof` in `eof`
WARNING: Use of unsupported command: at `exec` in `exec`
WARNING: Use of unsupported command: at `exit` in `exit`
WARNING: Use of unsupported command: at `fblocked` in `fblocked`
WARNING: Use of unsupported command: at `fconfigure` in `fconfigure`
WARNING: Use of unsupported command: at `fcopy` in `fcopy`
WARNING: Use of unsupported command: at `file` in `file`
WARNING: Use of unsupported command: at `fileevent` in `fileevent`
WARNING: Use of unsupported command: at `filename` in `filename`
WARNING: Use of unsupported command: at `flush` in `flush`
WARNING: Use of unsupported command: at `gets` in `gets`
WARNING: Use of unsupported command: at `glob` in `glob`
WARNING: Use of unsupported command: at `http` in `http`
WARNING: Use of unsupported command: at `interp` in `interp`
WARNING: Use of unsupported command: at `load` in `load`
WARNING: Use of unsupported command: at `lrepeat` in `lrepeat`
WARNING: Use of unsupported command: at `lreverse` in `lreverse`
WARNING: Use of unsupported command: at `memory` in `memory`
WARNING: Use of unsupported command: at `namespace` in `namespace`
WARNING: Use of unsupported command: at `open` in `open`
WARNING: Use of unsupported command: at `package` in `package`
WARNING: Use of unsupported command: at `pid` in `pid`
WARNING: Use of unsupported command: at `pkg_mkIndex` in `pkg_mkIndex`
WARNING: Use of unsupported command: at `pkg::create` in `pkg::create`
WARNING: Use of unsupported command: at `pwd` in `pwd`
WARNING: Use of unsupported command: at `rename` in `rename`
WARNING: Use of unsupported command: at `seek` in `seek`
WARNING: Use of unsupported command: at `socket` in `socket`
WARNING: Use of unsupported command: at `source` in `source`
WARNING: Use of unsupported command: at `tcl_findLibrary` in `tcl_findLibrary`
WARNING: Use of unsupported command: at `tell` in `tell`
WARNING: Use of unsupported command: at `time` in `time`
WARNING: Use of unsupported command: at `trace` in `trace`
WARNING: Use of unsupported command: at `unknown` in `unknown`
WARNING: Use of unsupported command: at `update` in `update`

